
> backend@1.0.0 build
> tsc && tsc-alias

src/engine/modules/actions/ChoiceProcessor.ts(126,88): error TS2339: Property 'maxChoices' does not exist on type 'ActionData'.
  Property 'maxChoices' does not exist on type 'BaseActionData'.
src/engine/modules/actions/ChoiceProcessor.ts(130,217): error TS2339: Property 'isManaChoiceToggle' does not exist on type 'ActionData'.
  Property 'isManaChoiceToggle' does not exist on type 'BaseActionData'.
src/engine/modules/actions/ChoiceProcessor.ts(132,30): error TS2339: Property 'isCostChoice' does not exist on type 'ActionData'.
  Property 'isCostChoice' does not exist on type 'BaseActionData'.
src/engine/modules/actions/ChoiceProcessor.ts(132,59): error TS2339: Property 'isSpellCasting' does not exist on type 'ActionData'.
  Property 'isSpellCasting' does not exist on type 'BaseActionData'.
src/engine/modules/actions/ChoiceProcessor.ts(132,90): error TS2339: Property 'isTargetingModal' does not exist on type 'ActionData'.
  Property 'isTargetingModal' does not exist on type 'BaseActionData'.
src/engine/modules/actions/ChoiceProcessor.ts(132,123): error TS2339: Property 'isManaChoiceToggle' does not exist on type 'ActionData'.
  Property 'isManaChoiceToggle' does not exist on type 'BaseActionData'.
src/engine/modules/actions/ChoiceProcessor.ts(138,49): error TS2339: Property 'minChoices' does not exist on type 'ActionData'.
  Property 'minChoices' does not exist on type 'BaseActionData'.
src/engine/modules/actions/ChoiceProcessor.ts(139,97): error TS2339: Property 'minChoices' does not exist on type 'ActionData'.
  Property 'minChoices' does not exist on type 'BaseActionData'.
src/engine/modules/actions/ChoiceProcessor.ts(157,45): error TS2339: Property 'choices' does not exist on type 'ActionData'.
  Property 'choices' does not exist on type 'BaseActionData'.
src/engine/modules/actions/ChoiceProcessor.ts(170,103): error TS2339: Property 'xValue' does not exist on type 'ActionData'.
  Property 'xValue' does not exist on type 'BaseActionData'.
src/engine/modules/actions/ChoiceProcessor.ts(209,50): error TS2339: Property 'isSpellCasting' does not exist on type 'ActionData'.
  Property 'isSpellCasting' does not exist on type 'BaseActionData'.
src/engine/modules/actions/ChoiceProcessor.ts(209,81): error TS2339: Property 'isCopyTargeting' does not exist on type 'ActionData'.
  Property 'isCopyTargeting' does not exist on type 'BaseActionData'.
src/engine/modules/actions/ChoiceProcessor.ts(216,48): error TS2339: Property 'nextPlayerIds' does not exist on type 'ActionData'.
  Property 'nextPlayerIds' does not exist on type 'BaseActionData'.
src/engine/modules/actions/ChoiceProcessor.ts(216,78): error TS2339: Property 'stackObj' does not exist on type 'ActionData'.
  Property 'stackObj' does not exist on type 'BaseActionData'.
src/engine/modules/actions/ChoiceProcessor.ts(218,52): error TS2339: Property 'discardAmount' does not exist on type 'ActionData'.
  Property 'discardAmount' does not exist on type 'BaseActionData'.
src/engine/modules/actions/ChoiceProcessor.ts(218,82): error TS2339: Property 'stackObj' does not exist on type 'ActionData'.
  Property 'stackObj' does not exist on type 'BaseActionData'.
src/engine/modules/actions/ChoiceProcessor.ts(219,53): error TS2339: Property 'onFailureEffects' does not exist on type 'ActionData'.
  Property 'onFailureEffects' does not exist on type 'BaseActionData'.
src/engine/modules/actions/ChoiceProcessor.ts(219,86): error TS2339: Property 'stackObj' does not exist on type 'ActionData'.
  Property 'stackObj' does not exist on type 'BaseActionData'.
src/engine/modules/actions/ChoiceProcessor.ts(220,178): error TS2339: Property 'stackObj' does not exist on type 'ActionData'.
  Property 'stackObj' does not exist on type 'BaseActionData'.
src/engine/modules/actions/ChoiceProcessor.ts(220,201): error TS2339: Property 'parentContext' does not exist on type 'ActionData'.
  Property 'parentContext' does not exist on type 'BaseActionData'.
src/engine/modules/actions/ChoiceProcessor.ts(240,59): error TS2339: Property 'choices' does not exist on type 'ActionData'.
  Property 'choices' does not exist on type 'BaseActionData'.
src/engine/modules/actions/ChoiceProcessor.ts(242,39): error TS2339: Property 'choices' does not exist on type 'ActionData'.
  Property 'choices' does not exist on type 'BaseActionData'.
src/engine/modules/actions/ChoiceProcessor.ts(245,47): error TS2339: Property 'involvedIds' does not exist on type 'ActionData'.
  Property 'involvedIds' does not exist on type 'BaseActionData'.
src/engine/modules/actions/ChoiceProcessor.ts(260,57): error TS2339: Property 'choices' does not exist on type 'ActionData'.
  Property 'choices' does not exist on type 'BaseActionData'.
src/engine/modules/actions/ChoiceProcessor.ts(266,45): error TS2339: Property 'isCostChoice' does not exist on type 'ActionData'.
  Property 'isCostChoice' does not exist on type 'BaseActionData'.
src/engine/modules/actions/ChoiceProcessor.ts(272,38): error TS2339: Property 'isSpellCasting' does not exist on type 'ActionData'.
  Property 'isSpellCasting' does not exist on type 'BaseActionData'.
src/engine/modules/actions/ChoiceProcessor.ts(272,69): error TS2339: Property 'isCostChoice' does not exist on type 'ActionData'.
  Property 'isCostChoice' does not exist on type 'BaseActionData'.
src/engine/modules/actions/ChoiceProcessor.ts(301,37): error TS2339: Property 'lookingCards' does not exist on type 'ActionData'.
  Property 'lookingCards' does not exist on type 'BaseActionData'.
src/engine/modules/actions/ChoiceProcessor.ts(327,39): error TS2339: Property 'stackObj' does not exist on type 'ActionData'.
  Property 'stackObj' does not exist on type 'BaseActionData'.
src/engine/modules/actions/ChoiceProcessor.ts(390,30): error TS2339: Property 'tappedLandIds' does not exist on type 'ActionData'.
  Property 'tappedLandIds' does not exist on type 'BaseActionData'.
src/engine/modules/actions/ChoiceProcessor.ts(390,77): error TS2339: Property 'tappedLandIds' does not exist on type 'ActionData'.
  Property 'tappedLandIds' does not exist on type 'BaseActionData'.
src/engine/modules/actions/ChoiceProcessor.ts(391,61): error TS2339: Property 'tappedLandIds' does not exist on type 'ActionData'.
  Property 'tappedLandIds' does not exist on type 'BaseActionData'.
src/engine/modules/actions/ChoiceProcessor.ts(393,43): error TS2339: Property 'manaSnapshot' does not exist on type 'ActionData'.
  Property 'manaSnapshot' does not exist on type 'BaseActionData'.
src/engine/modules/actions/ChoiceProcessor.ts(394,51): error TS2339: Property 'manaSnapshot' does not exist on type 'ActionData'.
  Property 'manaSnapshot' does not exist on type 'BaseActionData'.
src/engine/modules/actions/ChoiceProcessor.ts(395,57): error TS2339: Property 'restrictedSnapshot' does not exist on type 'ActionData'.
  Property 'restrictedSnapshot' does not exist on type 'BaseActionData'.
src/engine/modules/actions/ChoiceProcessor.ts(396,50): error TS2339: Property 'producedMana' does not exist on type 'ActionData'.
  Property 'producedMana' does not exist on type 'BaseActionData'.
src/engine/modules/actions/ChoiceProcessor.ts(397,44): error TS2339: Property 'producedMana' does not exist on type 'ActionData'.
  Property 'producedMana' does not exist on type 'BaseActionData'.
src/engine/modules/actions/ChoiceProcessor.ts(403,90): error TS2339: Property 'tappedLandIds' does not exist on type 'ActionData'.
  Property 'tappedLandIds' does not exist on type 'BaseActionData'.
src/engine/modules/actions/ChoiceProcessor.ts(404,50): error TS2339: Property 'totalMana' does not exist on type 'ActionData'.
  Property 'totalMana' does not exist on type 'BaseActionData'.
src/engine/modules/actions/ChoiceProcessor.ts(405,70): error TS2339: Property 'totalMana' does not exist on type 'ActionData'.
  Property 'totalMana' does not exist on type 'BaseActionData'.
src/engine/modules/actions/ChoiceProcessor.ts(406,90): error TS2339: Property 'tappedLandIds' does not exist on type 'ActionData'.
  Property 'tappedLandIds' does not exist on type 'BaseActionData'.
src/engine/modules/actions/ChoiceProcessor.ts(542,21): error TS2353: Object literal may only specify known properties, and 'optional' does not exist in type 'ActionData'.
src/engine/modules/actions/ChoiceProcessor.ts(577,44): error TS2339: Property 'declaredTargets' does not exist on type 'ActionData'.
  Property 'declaredTargets' does not exist on type 'BaseActionData'.
src/engine/modules/actions/ChoiceProcessor.ts(578,39): error TS2339: Property 'costType' does not exist on type 'ActionData'.
  Property 'costType' does not exist on type 'BaseActionData'.
src/engine/modules/actions/ChoiceProcessor.ts(583,83): error TS2339: Property 'maxChoices' does not exist on type 'ActionData'.
  Property 'maxChoices' does not exist on type 'BaseActionData'.
src/engine/modules/actions/ChoiceProcessor.ts(583,110): error TS2339: Property 'maxChoices' does not exist on type 'ActionData'.
  Property 'maxChoices' does not exist on type 'BaseActionData'.
src/engine/modules/actions/ChoiceProcessor.ts(589,35): error TS2339: Property 'choices' does not exist on type 'ActionData'.
  Property 'choices' does not exist on type 'BaseActionData'.
src/engine/modules/actions/ChoiceProcessor.ts(592,57): error TS2339: Property 'isManaChoiceToggle' does not exist on type 'ActionData'.
  Property 'isManaChoiceToggle' does not exist on type 'BaseActionData'.
src/engine/modules/actions/ChoiceProcessor.ts(595,45): error TS2339: Property 'minChoices' does not exist on type 'ActionData'.
  Property 'minChoices' does not exist on type 'BaseActionData'.
src/engine/modules/actions/ChoiceProcessor.ts(596,93): error TS2339: Property 'minChoices' does not exist on type 'ActionData'.
  Property 'minChoices' does not exist on type 'BaseActionData'.
src/engine/modules/actions/ChoiceProcessor.ts(612,45): error TS2339: Property 'choices' does not exist on type 'ActionData'.
  Property 'choices' does not exist on type 'BaseActionData'.
src/engine/modules/actions/ChoiceProcessor.ts(614,63): error TS2339: Property 'choices' does not exist on type 'ActionData'.
  Property 'choices' does not exist on type 'BaseActionData'.
src/engine/modules/actions/ChoiceProcessor.ts(615,45): error TS2339: Property 'choices' does not exist on type 'ActionData'.
  Property 'choices' does not exist on type 'BaseActionData'.
src/engine/modules/actions/ChoiceProcessor.ts(620,154): error TS2339: Property 'maxChoices' does not exist on type 'ActionData'.
  Property 'maxChoices' does not exist on type 'BaseActionData'.
src/engine/modules/actions/ChoiceProcessor.ts(639,42): error TS2339: Property 'choices' does not exist on type 'ActionData'.
  Property 'choices' does not exist on type 'BaseActionData'.
src/engine/modules/actions/ChoiceProcessor.ts(643,33): error TS2339: Property 'isManaChoiceToggle' does not exist on type 'ActionData'.
  Property 'isManaChoiceToggle' does not exist on type 'BaseActionData'.
src/engine/modules/actions/ChoiceProcessor.ts(654,29): error TS2339: Property 'hybridGroups' does not exist on type 'ActionData'.
  Property 'hybridGroups' does not exist on type 'BaseActionData'.
src/engine/modules/actions/ChoiceProcessor.ts(691,29): error TS2339: Property 'isTargetingModal' does not exist on type 'ActionData'.
  Property 'isTargetingModal' does not exist on type 'BaseActionData'.
src/engine/modules/actions/ChoiceProcessor.ts(695,58): error TS2339: Property 'choices' does not exist on type 'ActionData'.
  Property 'choices' does not exist on type 'BaseActionData'.
src/engine/modules/actions/ChoiceProcessor.ts(709,41): error TS2339: Property 'xValue' does not exist on type 'ActionData'.
  Property 'xValue' does not exist on type 'BaseActionData'.
src/engine/modules/actions/ChoiceProcessor.ts(718,26): error TS2339: Property 'isCostChoice' does not exist on type 'ActionData'.
  Property 'isCostChoice' does not exist on type 'BaseActionData'.
src/engine/modules/actions/ChoiceProcessor.ts(718,56): error TS2339: Property 'stackObj' does not exist on type 'ActionData'.
  Property 'stackObj' does not exist on type 'BaseActionData'.
src/engine/modules/actions/ChoiceProcessor.ts(718,81): error TS2339: Property 'nextEffectIndex' does not exist on type 'ActionData'.
  Property 'nextEffectIndex' does not exist on type 'BaseActionData'.
src/engine/modules/actions/ChoiceProcessor.ts(721,51): error TS2339: Property 'costType' does not exist on type 'ActionData'.
  Property 'costType' does not exist on type 'BaseActionData'.
src/engine/modules/actions/ChoiceProcessor.ts(721,81): error TS2339: Property 'maxChoices' does not exist on type 'ActionData'.
  Property 'maxChoices' does not exist on type 'BaseActionData'.
src/engine/modules/actions/ChoiceProcessor.ts(721,112): error TS2339: Property 'maxChoices' does not exist on type 'ActionData'.
  Property 'maxChoices' does not exist on type 'BaseActionData'.
src/engine/modules/actions/ChoiceProcessor.ts(724,29): error TS2339: Property 'remainingCosts' does not exist on type 'ActionData'.
  Property 'remainingCosts' does not exist on type 'BaseActionData'.
src/engine/modules/actions/ChoiceProcessor.ts(724,60): error TS2339: Property 'remainingCosts' does not exist on type 'ActionData'.
  Property 'remainingCosts' does not exist on type 'BaseActionData'.
src/engine/modules/actions/ChoiceProcessor.ts(725,66): error TS2339: Property 'remainingCosts' does not exist on type 'ActionData'.
  Property 'remainingCosts' does not exist on type 'BaseActionData'.
src/engine/modules/actions/ChoiceProcessor.ts(728,29): error TS2339: Property 'choiceEffects' does not exist on type 'ActionData'.
  Property 'choiceEffects' does not exist on type 'BaseActionData'.
src/engine/modules/actions/ChoiceProcessor.ts(728,59): error TS2339: Property 'choiceEffects' does not exist on type 'ActionData'.
  Property 'choiceEffects' does not exist on type 'BaseActionData'.
src/engine/modules/actions/ChoiceProcessor.ts(733,46): error TS2339: Property 'choiceEffects' does not exist on type 'ActionData'.
  Property 'choiceEffects' does not exist on type 'BaseActionData'.
src/engine/modules/actions/ChoiceProcessor.ts(752,26): error TS2339: Property 'confirmedAutoTap' does not exist on type 'ActionData'.
  Property 'confirmedAutoTap' does not exist on type 'BaseActionData'.
src/engine/modules/actions/ChoiceProcessor.ts(757,26): error TS2339: Property 'isTargetingModal' does not exist on type 'ActionData'.
  Property 'isTargetingModal' does not exist on type 'BaseActionData'.
src/engine/modules/actions/ChoiceProcessor.ts(764,50): error TS2339: Property 'choices' does not exist on type 'ActionData'.
  Property 'choices' does not exist on type 'BaseActionData'.
src/engine/modules/actions/ChoiceProcessor.ts(770,58): error TS2339: Property 'choices' does not exist on type 'ActionData'.
  Property 'choices' does not exist on type 'BaseActionData'.
src/engine/modules/actions/ChoiceProcessor.ts(779,44): error TS2339: Property 'isTargetingModal' does not exist on type 'ActionData'.
  Property 'isTargetingModal' does not exist on type 'BaseActionData'.
src/engine/modules/actions/ChoiceProcessor.ts(781,73): error TS2339: Property 'isSpellCasting' does not exist on type 'ActionData'.
  Property 'isSpellCasting' does not exist on type 'BaseActionData'.
src/engine/modules/actions/ChoiceProcessor.ts(791,26): error TS2339: Property 'isCopyTargeting' does not exist on type 'ActionData'.
  Property 'isCopyTargeting' does not exist on type 'BaseActionData'.
src/engine/modules/actions/ChoiceProcessor.ts(792,43): error TS2339: Property 'spellCopyRef' does not exist on type 'ActionData'.
  Property 'spellCopyRef' does not exist on type 'BaseActionData'.
src/engine/modules/actions/ChoiceProcessor.ts(792,71): error TS2339: Property 'stackObj' does not exist on type 'ActionData'.
  Property 'stackObj' does not exist on type 'BaseActionData'.
src/engine/modules/actions/ChoiceProcessor.ts(797,29): error TS2339: Property 'parentContext' does not exist on type 'ActionData'.
  Property 'parentContext' does not exist on type 'BaseActionData'.
src/engine/modules/actions/ChoiceProcessor.ts(798,76): error TS2339: Property 'parentContext' does not exist on type 'ActionData'.
  Property 'parentContext' does not exist on type 'BaseActionData'.
src/engine/modules/actions/ChoiceProcessor.ts(798,115): error TS2339: Property 'parentContext' does not exist on type 'ActionData'.
  Property 'parentContext' does not exist on type 'BaseActionData'.
src/engine/modules/actions/ChoiceProcessor.ts(798,151): error TS2339: Property 'parentContext' does not exist on type 'ActionData'.
  Property 'parentContext' does not exist on type 'BaseActionData'.
src/engine/modules/actions/ChoiceProcessor.ts(811,38): error TS2339: Property 'xValue' does not exist on type 'ActionData'.
  Property 'xValue' does not exist on type 'BaseActionData'.
src/engine/modules/actions/ChoiceProcessor.ts(833,52): error TS2339: Property 'choices' does not exist on type 'ActionData'.
  Property 'choices' does not exist on type 'BaseActionData'.
src/engine/modules/actions/ChoiceProcessor.ts(870,48): error TS2339: Property 'xValueConfirmed' does not exist on type 'ActionData'.
  Property 'xValueConfirmed' does not exist on type 'BaseActionData'.
src/engine/modules/actions/ChoiceProcessor.ts(941,46): error TS2339: Property 'nextPlayerIds' does not exist on type 'ActionData'.
  Property 'nextPlayerIds' does not exist on type 'BaseActionData'.
src/engine/modules/actions/ChoiceProcessor.ts(981,48): error TS2339: Property 'nextPlayerIds' does not exist on type 'ActionData'.
  Property 'nextPlayerIds' does not exist on type 'BaseActionData'.
src/engine/modules/actions/ChoiceProcessor.ts(983,52): error TS2339: Property 'discardAmount' does not exist on type 'ActionData'.
  Property 'discardAmount' does not exist on type 'BaseActionData'.
src/engine/modules/actions/ChoiceProcessor.ts(984,53): error TS2339: Property 'onFailureEffects' does not exist on type 'ActionData'.
  Property 'onFailureEffects' does not exist on type 'BaseActionData'.
src/engine/modules/actions/ChoiceProcessor.ts(1034,26): error TS2339: Property 'isResolutionX' does not exist on type 'ActionData'.
  Property 'isResolutionX' does not exist on type 'BaseActionData'.
src/engine/modules/actions/ChoiceProcessor.ts(1036,29): error TS2339: Property 'originalActionData' does not exist on type 'ActionData'.
  Property 'originalActionData' does not exist on type 'BaseActionData'.
src/engine/modules/actions/ChoiceProcessor.ts(1036,64): error TS2339: Property 'originalActionData' does not exist on type 'ActionData'.
  Property 'originalActionData' does not exist on type 'BaseActionData'.
src/engine/modules/actions/ChoiceProcessor.ts(1037,29): error TS2339: Property 'originalActionData' does not exist on type 'ActionData'.
  Property 'originalActionData' does not exist on type 'BaseActionData'.
src/engine/modules/actions/ChoiceProcessor.ts(1039,29): error TS2339: Property 'originalActionData' does not exist on type 'ActionData'.
  Property 'originalActionData' does not exist on type 'BaseActionData'.
src/engine/modules/actions/ChoiceProcessor.ts(1040,29): error TS2339: Property 'originalActionData' does not exist on type 'ActionData'.
  Property 'originalActionData' does not exist on type 'BaseActionData'.
src/engine/modules/actions/ChoiceProcessor.ts(1047,29): error TS2339: Property 'selectedChoice' does not exist on type 'ActionData'.
  Property 'selectedChoice' does not exist on type 'BaseActionData'.
src/engine/modules/actions/ChoiceProcessor.ts(1048,48): error TS2339: Property 'originalActionData' does not exist on type 'ActionData'.
  Property 'originalActionData' does not exist on type 'BaseActionData'.
src/engine/modules/actions/ChoiceProcessor.ts(1065,43): error TS2339: Property 'declaredTargets' does not exist on type 'ActionData'.
  Property 'declaredTargets' does not exist on type 'BaseActionData'.
src/engine/modules/actions/ChoiceProcessor.ts(1081,43): error TS2339: Property 'declaredTargets' does not exist on type 'ActionData'.
  Property 'declaredTargets' does not exist on type 'BaseActionData'.
src/engine/modules/actions/PlayerActionProcessor.ts(37,56): error TS2339: Property 'involvedIds' does not exist on type 'ActionData'.
  Property 'involvedIds' does not exist on type 'BaseActionData'.
src/engine/modules/actions/PlayerActionProcessor.ts(441,85): error TS2339: Property 'minChoices' does not exist on type 'ActionData'.
  Property 'minChoices' does not exist on type 'BaseActionData'.
src/engine/modules/actions/PlayerActionProcessor.ts(465,60): error TS2339: Property 'count' does not exist on type 'ActionData'.
  Property 'count' does not exist on type 'BaseActionData'.
src/engine/modules/actions/PlayerActionProcessor.ts(466,34): error TS2339: Property 'count' does not exist on type 'ActionData'.
  Property 'count' does not exist on type 'BaseActionData'.
src/engine/modules/actions/PlayerActionProcessor.ts(475,57): error TS2339: Property 'nextPlayerIds' does not exist on type 'ActionData'.
  Property 'nextPlayerIds' does not exist on type 'BaseActionData'.
src/engine/modules/actions/PlayerActionProcessor.ts(476,69): error TS2339: Property 'count' does not exist on type 'ActionData'.
  Property 'count' does not exist on type 'BaseActionData'.
src/engine/modules/actions/PlayerActionProcessor.ts(476,103): error TS2339: Property 'count' does not exist on type 'ActionData'.
  Property 'count' does not exist on type 'BaseActionData'.
src/engine/modules/actions/PlayerActionProcessor.ts(477,59): error TS2339: Property 'discardAmount' does not exist on type 'ActionData'.
  Property 'discardAmount' does not exist on type 'BaseActionData'.
src/engine/modules/actions/PlayerActionProcessor.ts(480,62): error TS2339: Property 'onFailureEffects' does not exist on type 'ActionData'.
  Property 'onFailureEffects' does not exist on type 'BaseActionData'.
src/engine/modules/actions/PlayerActionProcessor.ts(488,39): error TS2339: Property 'stackObj' does not exist on type 'ActionData'.
  Property 'stackObj' does not exist on type 'BaseActionData'.
src/engine/modules/actions/PlayerActionProcessor.ts(489,39): error TS2339: Property 'parentContext' does not exist on type 'ActionData'.
  Property 'parentContext' does not exist on type 'BaseActionData'.
src/engine/modules/actions/PlayerActionProcessor.ts(536,49): error TS2339: Property 'triggers' does not exist on type 'ActionData'.
  Property 'triggers' does not exist on type 'BaseActionData'.
src/engine/modules/actions/spells/SpellInteractiveManager.ts(37,17): error TS2353: Object literal may only specify known properties, and 'parentContext' does not exist in type 'ActionData'.
src/engine/modules/actions/spells/SpellInteractiveManager.ts(155,21): error TS2353: Object literal may only specify known properties, and 'isSpellCasting' does not exist in type 'ActionData'.
src/engine/modules/actions/spells/SpellInteractiveManager.ts(200,21): error TS2353: Object literal may only specify known properties, and 'isFreeCast' does not exist in type 'ActionData'.
src/engine/modules/actions/spells/SpellInteractiveManager.ts(245,21): error TS2353: Object literal may only specify known properties, and 'isFreeCast' does not exist in type 'ActionData'.
src/engine/modules/actions/spells/SpellInteractiveManager.ts(298,21): error TS2353: Object literal may only specify known properties, and 'isFreeCast' does not exist in type 'ActionData'.
src/engine/modules/actions/spells/SpellInteractiveManager.ts(343,21): error TS2353: Object literal may only specify known properties, and 'isFreeCast' does not exist in type 'ActionData'.
src/engine/modules/actions/spells/SpellInteractiveManager.ts(375,21): error TS2353: Object literal may only specify known properties, and 'parentContext' does not exist in type 'ActionData'.
src/engine/modules/actions/spells/SpellInteractiveManager.ts(559,21): error TS2353: Object literal may only specify known properties, and 'parentContext' does not exist in type 'ActionData'.
src/engine/modules/actions/spells/SpellInteractiveManager.ts(580,86): error TS2339: Property 'selectedTargets' does not exist on type 'ActionData'.
  Property 'selectedTargets' does not exist on type 'BaseActionData'.
src/engine/modules/actions/spells/SpellProcessor.ts(374,21): error TS2353: Object literal may only specify known properties, and 'isSpellCasting' does not exist in type 'ActionData'.
src/engine/modules/actions/spells/SpellProcessor.ts(394,21): error TS2322: Type '{ condition?: any; costs?: any[] | undefined; effects?: EffectDefinition[] | undefined; label: string; targetDefinitions?: TargetDefinition[] | undefined; value?: string | ... 1 more ... | undefined; }[] | undefined' is not assignable to type 'ChoiceOption[]'.
  Type 'undefined' is not assignable to type 'ChoiceOption[]'.
src/engine/modules/actions/spells/SpellProcessor.ts(395,21): error TS2322: Type 'string | number | AmountResolver' is not assignable to type 'number | undefined'.
  Type 'string' is not assignable to type 'number'.
src/engine/modules/actions/spells/SpellProcessor.ts(396,21): error TS2322: Type 'string | number | AmountResolver' is not assignable to type 'number | undefined'.
  Type 'string' is not assignable to type 'number'.
src/engine/modules/actions/spells/SpellProcessor.ts(560,21): error TS2322: Type '{ condition?: any; costs?: any[] | undefined; effects?: EffectDefinition[] | undefined; label: string; targetDefinitions?: TargetDefinition[] | undefined; value?: string | ... 1 more ... | undefined; }[] | undefined' is not assignable to type 'ChoiceOption[]'.
  Type 'undefined' is not assignable to type 'ChoiceOption[]'.
src/engine/modules/actions/spells/SpellProcessor.ts(561,21): error TS2322: Type 'string | number | AmountResolver' is not assignable to type 'number | undefined'.
  Type 'string' is not assignable to type 'number'.
src/engine/modules/actions/spells/SpellProcessor.ts(562,21): error TS2322: Type 'string | number | AmountResolver' is not assignable to type 'number | undefined'.
  Type 'string' is not assignable to type 'number'.
src/engine/modules/actions/spells/SpellProcessor.ts(604,33): error TS2353: Object literal may only specify known properties, and 'isSpellCasting' does not exist in type 'ActionData'.
src/engine/modules/actions/spells/SpellProcessor.ts(1005,17): error TS2353: Object literal may only specify known properties, and 'isManaChoice' does not exist in type 'ActionData'.
src/engine/modules/actions/targeting/mappings/PoolMappingHandler.ts(28,44): error TS2339: Property 'lookingCards' does not exist on type 'ActionData'.
  Property 'lookingCards' does not exist on type 'BaseActionData'.
src/engine/modules/actions/targeting/TargetingDispatcher.ts(86,21): error TS2353: Object literal may only specify known properties, and 'targetDefinitions' does not exist in type 'ActionData'.
src/engine/modules/actions/targeting/TargetingDispatcher.ts(192,21): error TS2322: Type '{ label: string; value: string; cardData: Targetable | undefined; selectable: boolean; }[]' is not assignable to type 'ChoiceOption[]'.
  Type '{ label: string; value: string; cardData: Targetable | undefined; selectable: boolean; }' is not assignable to type 'ChoiceOption'.
    Types of property 'cardData' are incompatible.
      Type 'Targetable | undefined' is not assignable to type 'GameObject | undefined'.
        Type 'PlayerState' is missing the following properties from type 'GameObject': abilitiesUsedThisTurn, damageMarked, deathtouchMarked, faceDown, and 6 more.
src/engine/modules/actions/targeting/TargetingDispatcher.ts(218,17): error TS2353: Object literal may only specify known properties, and 'targetDefinitions' does not exist in type 'ActionData'.
src/engine/modules/actions/targeting/TargetingProcessor.ts(85,46): error TS2339: Property 'targetDefinitions' does not exist on type 'ActionData'.
  Property 'targetDefinitions' does not exist on type 'BaseActionData'.
src/engine/modules/actions/targeting/TargetingProcessor.ts(86,36): error TS2339: Property 'xValue' does not exist on type 'ActionData'.
  Property 'xValue' does not exist on type 'BaseActionData'.
src/engine/modules/actions/targeting/TargetingProcessor.ts(86,70): error TS2339: Property 'xValue' does not exist on type 'ActionData'.
  Property 'xValue' does not exist on type 'BaseActionData'.
src/engine/modules/actions/targeting/TargetingProcessor.ts(86,91): error TS2339: Property 'stackObj' does not exist on type 'ActionData'.
  Property 'stackObj' does not exist on type 'BaseActionData'.
src/engine/modules/actions/targeting/TargetingProcessor.ts(95,20): error TS2339: Property 'selectedTargets' does not exist on type 'ActionData'.
  Property 'selectedTargets' does not exist on type 'BaseActionData'.
src/engine/modules/actions/targeting/TargetingProcessor.ts(95,49): error TS2339: Property 'selectedTargets' does not exist on type 'ActionData'.
  Property 'selectedTargets' does not exist on type 'BaseActionData'.
src/engine/modules/actions/targeting/TargetingProcessor.ts(96,20): error TS2339: Property 'maxCount' does not exist on type 'ActionData'.
  Property 'maxCount' does not exist on type 'BaseActionData'.
src/engine/modules/actions/targeting/TargetingProcessor.ts(97,20): error TS2339: Property 'minCount' does not exist on type 'ActionData'.
  Property 'minCount' does not exist on type 'BaseActionData'.
src/engine/modules/actions/targeting/TargetingProcessor.ts(98,20): error TS2339: Property 'count' does not exist on type 'ActionData'.
  Property 'count' does not exist on type 'BaseActionData'.
src/engine/modules/actions/targeting/TargetingProcessor.ts(102,24): error TS2339: Property 'prompt' does not exist on type 'ActionData'.
  Property 'prompt' does not exist on type 'BaseActionData'.
src/engine/modules/actions/targeting/TargetingProcessor.ts(104,28): error TS2339: Property 'selectedTargets' does not exist on type 'ActionData'.
  Property 'selectedTargets' does not exist on type 'BaseActionData'.
src/engine/modules/actions/targeting/TargetingProcessor.ts(106,28): error TS2339: Property 'isSpellCasting' does not exist on type 'ActionData'.
  Property 'isSpellCasting' does not exist on type 'BaseActionData'.
src/engine/modules/actions/targeting/TargetingProcessor.ts(112,28): error TS2339: Property 'selectedTargets' does not exist on type 'ActionData'.
  Property 'selectedTargets' does not exist on type 'BaseActionData'.
src/engine/modules/actions/targeting/TargetingProcessor.ts(113,44): error TS2339: Property 'selectedTargets' does not exist on type 'ActionData'.
  Property 'selectedTargets' does not exist on type 'BaseActionData'.
src/engine/modules/actions/targeting/TargetingProcessor.ts(116,46): error TS2339: Property 'selectedTargets' does not exist on type 'ActionData'.
  Property 'selectedTargets' does not exist on type 'BaseActionData'.
src/engine/modules/actions/targeting/TargetingProcessor.ts(128,28): error TS2339: Property 'targets' does not exist on type 'ActionData'.
  Property 'targets' does not exist on type 'BaseActionData'.
src/engine/modules/actions/targeting/TargetingProcessor.ts(131,45): error TS2339: Property 'stackObj' does not exist on type 'ActionData'.
  Property 'stackObj' does not exist on type 'BaseActionData'.
src/engine/modules/actions/targeting/TargetingProcessor.ts(145,44): error TS2339: Property 'stackId' does not exist on type 'ActionData'.
  Property 'stackId' does not exist on type 'BaseActionData'.
src/engine/modules/actions/targeting/TargetingProcessor.ts(146,45): error TS2339: Property 'stackObj' does not exist on type 'ActionData'.
  Property 'stackObj' does not exist on type 'BaseActionData'.
src/engine/modules/actions/targeting/TargetingProcessor.ts(200,24): error TS2339: Property 'selectedTargets' does not exist on type 'ActionData'.
  Property 'selectedTargets' does not exist on type 'BaseActionData'.
src/engine/modules/actions/targeting/TargetingProcessor.ts(203,24): error TS2339: Property 'targets' does not exist on type 'ActionData'.
  Property 'targets' does not exist on type 'BaseActionData'.
src/engine/modules/actions/targeting/TargetingProcessor.ts(206,41): error TS2339: Property 'stackObj' does not exist on type 'ActionData'.
  Property 'stackObj' does not exist on type 'BaseActionData'.
src/engine/modules/actions/targeting/TargetingProcessor.ts(219,42): error TS2339: Property 'selectedTargets' does not exist on type 'ActionData'.
  Property 'selectedTargets' does not exist on type 'BaseActionData'.
src/engine/modules/actions/targeting/TargetingProcessor.ts(245,32): error TS2339: Property 'selectedTargets' does not exist on type 'ActionData'.
  Property 'selectedTargets' does not exist on type 'BaseActionData'.
src/engine/modules/actions/targeting/TargetingProcessor.ts(248,53): error TS2339: Property 'selectedTargets' does not exist on type 'ActionData'.
  Property 'selectedTargets' does not exist on type 'BaseActionData'.
src/engine/modules/actions/targeting/TargetingProcessor.ts(262,32): error TS2339: Property 'targets' does not exist on type 'ActionData'.
  Property 'targets' does not exist on type 'BaseActionData'.
src/engine/modules/actions/targeting/TargetingProcessor.ts(265,49): error TS2339: Property 'stackObj' does not exist on type 'ActionData'.
  Property 'stackObj' does not exist on type 'BaseActionData'.
src/engine/modules/actions/targeting/TargetingProcessor.ts(278,45): error TS2339: Property 'selectedTargets' does not exist on type 'ActionData'.
  Property 'selectedTargets' does not exist on type 'BaseActionData'.
src/engine/modules/actions/targeting/TargetingProcessor.ts(279,101): error TS2339: Property 'selectedTargets' does not exist on type 'ActionData'.
  Property 'selectedTargets' does not exist on type 'BaseActionData'.
src/engine/modules/actions/targeting/TargetingProcessor.ts(282,66): error TS2339: Property 'selectedTargets' does not exist on type 'ActionData'.
  Property 'selectedTargets' does not exist on type 'BaseActionData'.
src/engine/modules/actions/targeting/TargetingProcessor.ts(285,41): error TS2339: Property 'targets' does not exist on type 'ActionData'.
  Property 'targets' does not exist on type 'BaseActionData'.
src/engine/modules/actions/targeting/TargetingProcessor.ts(301,38): error TS2339: Property 'selectedTargets' does not exist on type 'ActionData'.
  Property 'selectedTargets' does not exist on type 'BaseActionData'.
src/engine/modules/actions/targeting/TargetingProcessor.ts(310,53): error TS2339: Property 'selectedTargets' does not exist on type 'ActionData'.
  Property 'selectedTargets' does not exist on type 'BaseActionData'.
src/engine/modules/actions/targeting/TargetingProcessor.ts(320,28): error TS2339: Property 'selectedTargets' does not exist on type 'ActionData'.
  Property 'selectedTargets' does not exist on type 'BaseActionData'.
src/engine/modules/actions/targeting/TargetingProcessor.ts(331,24): error TS2339: Property 'selectedTargets' does not exist on type 'ActionData'.
  Property 'selectedTargets' does not exist on type 'BaseActionData'.
src/engine/modules/actions/targeting/TargetingProcessor.ts(336,20): error TS2339: Property 'selectedTargets' does not exist on type 'ActionData'.
  Property 'selectedTargets' does not exist on type 'BaseActionData'.
src/engine/modules/actions/targeting/TargetingProcessor.ts(336,53): error TS2339: Property 'selectedTargets' does not exist on type 'ActionData'.
  Property 'selectedTargets' does not exist on type 'BaseActionData'.
src/engine/modules/actions/targeting/TargetingProcessor.ts(339,24): error TS2339: Property 'selectedTargets' does not exist on type 'ActionData'.
  Property 'selectedTargets' does not exist on type 'BaseActionData'.
src/engine/modules/actions/targeting/TargetingProcessor.ts(340,42): error TS2339: Property 'selectedTargets' does not exist on type 'ActionData'.
  Property 'selectedTargets' does not exist on type 'BaseActionData'.
src/engine/modules/actions/targeting/TargetingProcessor.ts(353,24): error TS2339: Property 'targets' does not exist on type 'ActionData'.
  Property 'targets' does not exist on type 'BaseActionData'.
src/engine/modules/actions/targeting/TargetingProcessor.ts(356,41): error TS2339: Property 'stackObj' does not exist on type 'ActionData'.
  Property 'stackObj' does not exist on type 'BaseActionData'.
src/engine/modules/actions/targeting/TargetingProcessor.ts(368,48): error TS2339: Property 'targets' does not exist on type 'ActionData'.
  Property 'targets' does not exist on type 'BaseActionData'.
src/engine/modules/actions/targeting/TargetingProcessor.ts(384,44): error TS2339: Property 'targets' does not exist on type 'ActionData'.
  Property 'targets' does not exist on type 'BaseActionData'.
src/engine/modules/actions/targeting/TargetingProcessor.ts(396,28): error TS2339: Property 'isTargetingModal' does not exist on type 'ActionData'.
  Property 'isTargetingModal' does not exist on type 'BaseActionData'.
src/engine/modules/actions/targeting/TargetingProcessor.ts(397,28): error TS2339: Property 'choices' does not exist on type 'ActionData'.
  Property 'choices' does not exist on type 'BaseActionData'.
src/engine/modules/actions/targeting/TargetingProcessor.ts(400,28): error TS2339: Property 'minChoices' does not exist on type 'ActionData'.
  Property 'minChoices' does not exist on type 'BaseActionData'.
src/engine/modules/actions/targeting/TargetingProcessor.ts(401,28): error TS2339: Property 'maxChoices' does not exist on type 'ActionData'.
  Property 'maxChoices' does not exist on type 'BaseActionData'.
src/engine/modules/actions/targeting/TargetingProcessor.ts(404,28): error TS2339: Property 'declaredTargets' does not exist on type 'ActionData'.
  Property 'declaredTargets' does not exist on type 'BaseActionData'.
src/engine/modules/actions/targeting/TargetingProcessor.ts(404,57): error TS2339: Property 'selectedTargets' does not exist on type 'ActionData'.
  Property 'selectedTargets' does not exist on type 'BaseActionData'.
src/engine/modules/actions/targeting/TargetingProcessor.ts(421,38): error TS2339: Property 'spellCopyRef' does not exist on type 'ActionData'.
  Property 'spellCopyRef' does not exist on type 'BaseActionData'.
src/engine/modules/actions/targeting/TargetingProcessor.ts(421,65): error TS2339: Property 'stackObj' does not exist on type 'ActionData'.
  Property 'stackObj' does not exist on type 'BaseActionData'.
src/engine/modules/actions/targeting/TargetingProcessor.ts(424,90): error TS2339: Property 'isFreeCast' does not exist on type 'ActionData'.
  Property 'isFreeCast' does not exist on type 'BaseActionData'.
src/engine/modules/actions/targeting/TargetingProcessor.ts(424,129): error TS2339: Property 'parentContext' does not exist on type 'ActionData'.
  Property 'parentContext' does not exist on type 'BaseActionData'.
src/engine/modules/actions/targeting/TargetingProcessor.ts(424,173): error TS2339: Property 'stackObj' does not exist on type 'ActionData'.
  Property 'stackObj' does not exist on type 'BaseActionData'.
src/engine/modules/actions/targeting/TargetingProcessor.ts(426,25): error TS2339: Property 'isCostChoice' does not exist on type 'ActionData'.
  Property 'isCostChoice' does not exist on type 'BaseActionData'.
src/engine/modules/actions/targeting/TargetingProcessor.ts(427,57): error TS2339: Property 'costType' does not exist on type 'ActionData'.
  Property 'costType' does not exist on type 'BaseActionData'.
src/engine/modules/actions/targeting/TargetingProcessor.ts(434,34): error TS2339: Property 'originalActionData' does not exist on type 'ActionData'.
  Property 'originalActionData' does not exist on type 'BaseActionData'.
src/engine/modules/actions/targeting/TargetingProcessor.ts(441,25): error TS2339: Property 'isCostTargeting' does not exist on type 'ActionData'.
  Property 'isCostTargeting' does not exist on type 'BaseActionData'.
src/engine/modules/actions/targeting/TargetingProcessor.ts(442,28): error TS2339: Property 'costType' does not exist on type 'ActionData'.
  Property 'costType' does not exist on type 'BaseActionData'.
src/engine/modules/actions/targeting/TargetingProcessor.ts(450,37): error TS2339: Property 'declaredTargets' does not exist on type 'ActionData'.
  Property 'declaredTargets' does not exist on type 'BaseActionData'.
src/engine/modules/actions/targeting/TargetingProcessor.ts(452,40): error TS2339: Property 'isFreeCast' does not exist on type 'ActionData'.
  Property 'isFreeCast' does not exist on type 'BaseActionData'.
src/engine/modules/actions/targeting/TargetingProcessor.ts(453,43): error TS2339: Property 'parentContext' does not exist on type 'ActionData'.
  Property 'parentContext' does not exist on type 'BaseActionData'.
src/engine/modules/actions/targeting/TargetingProcessor.ts(460,24): error TS2339: Property 'isSpellCasting' does not exist on type 'ActionData'.
  Property 'isSpellCasting' does not exist on type 'BaseActionData'.
src/engine/modules/actions/targeting/TargetingProcessor.ts(460,54): error TS2339: Property 'isCopyTargeting' does not exist on type 'ActionData'.
  Property 'isCopyTargeting' does not exist on type 'BaseActionData'.
src/engine/modules/actions/targeting/TargetingProcessor.ts(471,41): error TS2339: Property 'xValue' does not exist on type 'ActionData'.
  Property 'xValue' does not exist on type 'BaseActionData'.
src/engine/modules/actions/targeting/TargetingProcessor.ts(474,48): error TS2339: Property 'parentContext' does not exist on type 'ActionData'.
  Property 'parentContext' does not exist on type 'BaseActionData'.
src/engine/modules/actions/targeting/TargetingProcessor.ts(481,41): error TS2339: Property 'xValue' does not exist on type 'ActionData'.
  Property 'xValue' does not exist on type 'BaseActionData'.
src/engine/modules/actions/targeting/TargetingProcessor.ts(484,48): error TS2339: Property 'parentContext' does not exist on type 'ActionData'.
  Property 'parentContext' does not exist on type 'BaseActionData'.
src/engine/modules/actions/targeting/TargetingProcessor.ts(485,45): error TS2339: Property 'isFreeCast' does not exist on type 'ActionData'.
  Property 'isFreeCast' does not exist on type 'BaseActionData'.
src/engine/modules/actions/targeting/TargetingProcessor.ts(486,52): error TS2339: Property 'exileOnResolution' does not exist on type 'ActionData'.
  Property 'exileOnResolution' does not exist on type 'BaseActionData'.
src/engine/modules/actions/targeting/TargetingProcessor.ts(492,63): error TS2339: Property 'parentContext' does not exist on type 'ActionData'.
  Property 'parentContext' does not exist on type 'BaseActionData'.
src/engine/modules/actions/targeting/TargetingProcessor.ts(492,91): error TS2339: Property 'nextEffectIndex' does not exist on type 'ActionData'.
  Property 'nextEffectIndex' does not exist on type 'BaseActionData'.
src/engine/modules/actions/targeting/TargetingProcessor.ts(493,137): error TS2339: Property 'parentContext' does not exist on type 'ActionData'.
  Property 'parentContext' does not exist on type 'BaseActionData'.
src/engine/modules/actions/targeting/TargetingProcessor.ts(497,46): error TS2339: Property 'parentContext' does not exist on type 'ActionData'.
  Property 'parentContext' does not exist on type 'BaseActionData'.
src/engine/modules/actions/targeting/TargetingProcessor.ts(498,45): error TS2339: Property 'effects' does not exist on type 'ActionData'.
  Property 'effects' does not exist on type 'BaseActionData'.
src/engine/modules/actions/targeting/TargetingProcessor.ts(499,45): error TS2339: Property 'targets' does not exist on type 'ActionData'.
  Property 'targets' does not exist on type 'BaseActionData'.
src/engine/modules/actions/targeting/TargetingProcessor.ts(500,48): error TS2339: Property 'nextEffectIndex' does not exist on type 'ActionData'.
  Property 'nextEffectIndex' does not exist on type 'BaseActionData'.
src/engine/modules/actions/targeting/TargetingProcessor.ts(501,49): error TS2339: Property 'parentContext' does not exist on type 'ActionData'.
  Property 'parentContext' does not exist on type 'BaseActionData'.
src/engine/modules/actions/targeting/TargetingProcessor.ts(502,51): error TS2339: Property 'parentContext' does not exist on type 'ActionData'.
  Property 'parentContext' does not exist on type 'BaseActionData'.
src/engine/modules/actions/targeting/TargetingProcessor.ts(517,25): error TS2339: Property 'nextEffectIndex' does not exist on type 'ActionData'.
  Property 'nextEffectIndex' does not exist on type 'BaseActionData'.
src/engine/modules/actions/targeting/TargetingProcessor.ts(521,46): error TS2339: Property 'isCopyTargeting' does not exist on type 'ActionData'.
  Property 'isCopyTargeting' does not exist on type 'BaseActionData'.
src/engine/modules/actions/targeting/TargetingProcessor.ts(522,31): error TS2339: Property '_backupTargets' does not exist on type 'ActionData'.
  Property '_backupTargets' does not exist on type 'BaseActionData'.
src/engine/modules/actions/targeting/TargetingProcessor.ts(525,50): error TS2339: Property 'targets' does not exist on type 'ActionData'.
  Property 'targets' does not exist on type 'BaseActionData'.
src/engine/modules/actions/targeting/TargetingProcessor.ts(526,45): error TS2339: Property 'effects' does not exist on type 'ActionData'.
  Property 'effects' does not exist on type 'BaseActionData'.
src/engine/modules/actions/targeting/TargetingProcessor.ts(529,40): error TS2339: Property 'isCopyTargeting' does not exist on type 'ActionData'.
  Property 'isCopyTargeting' does not exist on type 'BaseActionData'.
src/engine/modules/actions/targeting/TargetingProcessor.ts(535,28): error TS2339: Property 'stackId' does not exist on type 'ActionData'.
  Property 'stackId' does not exist on type 'BaseActionData'.
src/engine/modules/actions/targeting/TargetingProcessor.ts(536,82): error TS2339: Property 'stackId' does not exist on type 'ActionData'.
  Property 'stackId' does not exist on type 'BaseActionData'.
src/engine/modules/actions/targeting/TargetingProcessor.ts(543,47): error TS2339: Property 'isCopyTargeting' does not exist on type 'ActionData'.
  Property 'isCopyTargeting' does not exist on type 'BaseActionData'.
src/engine/modules/actions/targeting/TargetingProcessor.ts(543,77): error TS2339: Property 'parentContext' does not exist on type 'ActionData'.
  Property 'parentContext' does not exist on type 'BaseActionData'.
src/engine/modules/actions/targeting/TargetingProcessor.ts(543,129): error TS2339: Property 'sourceId' does not exist on type 'ActionData'.
  Property 'sourceId' does not exist on type 'BaseActionData'.
src/engine/modules/actions/targeting/TargetingProcessor.ts(544,47): error TS2339: Property 'isCopyTargeting' does not exist on type 'ActionData'.
  Property 'isCopyTargeting' does not exist on type 'BaseActionData'.
src/engine/modules/actions/targeting/TargetingProcessor.ts(544,77): error TS2339: Property 'parentContext' does not exist on type 'ActionData'.
  Property 'parentContext' does not exist on type 'BaseActionData'.
src/engine/modules/actions/targeting/TargetingProcessor.ts(552,44): error TS2339: Property 'nextEffectIndex' does not exist on type 'ActionData'.
  Property 'nextEffectIndex' does not exist on type 'BaseActionData'.
src/engine/modules/actions/targeting/TargetingProcessor.ts(554,47): error TS2339: Property 'parentContext' does not exist on type 'ActionData'.
  Property 'parentContext' does not exist on type 'BaseActionData'.
src/engine/modules/actions/targeting/TargetingProcessor.ts(559,32): error TS2339: Property 'parentContext' does not exist on type 'ActionData'.
  Property 'parentContext' does not exist on type 'BaseActionData'.
src/engine/modules/actions/targeting/TargetingProcessor.ts(569,46): error TS2339: Property 'isCopyTargeting' does not exist on type 'ActionData'.
  Property 'isCopyTargeting' does not exist on type 'BaseActionData'.
src/engine/modules/actions/targeting/TargetingProcessor.ts(570,31): error TS2339: Property '_backupTargets' does not exist on type 'ActionData'.
  Property '_backupTargets' does not exist on type 'BaseActionData'.
src/engine/modules/actions/targeting/TargetingProcessor.ts(590,28): error TS2339: Property 'nextTriggersToStack' does not exist on type 'ActionData'.
  Property 'nextTriggersToStack' does not exist on type 'BaseActionData'.
src/engine/modules/actions/targeting/TargetingProcessor.ts(590,76): error TS2339: Property 'nextTriggersToStack' does not exist on type 'ActionData'.
  Property 'nextTriggersToStack' does not exist on type 'BaseActionData'.
src/engine/modules/actions/targeting/TargetingProcessor.ts(591,67): error TS2339: Property 'nextTriggersToStack' does not exist on type 'ActionData'.
  Property 'nextTriggersToStack' does not exist on type 'BaseActionData'.
src/engine/modules/actions/targeting/TargetingProcessor.ts(595,28): error TS2339: Property 'parentContext' does not exist on type 'ActionData'.
  Property 'parentContext' does not exist on type 'BaseActionData'.
src/engine/modules/actions/targeting/TargetingProcessor.ts(599,45): error TS2339: Property 'isCopyTargeting' does not exist on type 'ActionData'.
  Property 'isCopyTargeting' does not exist on type 'BaseActionData'.
src/engine/modules/actions/targeting/TargetingProcessor.ts(600,55): error TS2339: Property 'parentContext' does not exist on type 'ActionData'.
  Property 'parentContext' does not exist on type 'BaseActionData'.
src/engine/modules/actions/targeting/TargetingProcessor.ts(601,61): error TS2339: Property 'parentContext' does not exist on type 'ActionData'.
  Property 'parentContext' does not exist on type 'BaseActionData'.
src/engine/modules/actions/targeting/TargetingProcessor.ts(604,113): error TS2339: Property 'parentContext' does not exist on type 'ActionData'.
  Property 'parentContext' does not exist on type 'BaseActionData'.
src/engine/modules/actions/targeting/TargetingProcessor.ts(621,37): error TS2339: Property 'xValue' does not exist on type 'ActionData'.
  Property 'xValue' does not exist on type 'BaseActionData'.
src/engine/modules/actions/targeting/TargetingProcessor.ts(624,44): error TS2339: Property 'parentContext' does not exist on type 'ActionData'.
  Property 'parentContext' does not exist on type 'BaseActionData'.
src/engine/modules/actions/targeting/TargetingProcessor.ts(635,37): error TS2339: Property 'xValue' does not exist on type 'ActionData'.
  Property 'xValue' does not exist on type 'BaseActionData'.
src/engine/modules/actions/targeting/TargetingProcessor.ts(638,44): error TS2339: Property 'parentContext' does not exist on type 'ActionData'.
  Property 'parentContext' does not exist on type 'BaseActionData'.
src/engine/modules/actions/targeting/TargetingProcessor.ts(639,41): error TS2339: Property 'isFreeCast' does not exist on type 'ActionData'.
  Property 'isFreeCast' does not exist on type 'BaseActionData'.
src/engine/modules/actions/targeting/TargetingProcessor.ts(640,48): error TS2339: Property 'exileOnResolution' does not exist on type 'ActionData'.
  Property 'exileOnResolution' does not exist on type 'BaseActionData'.
src/engine/modules/combat/CombatProcessor.ts(323,43): error TS2353: Object literal may only specify known properties, and 'ids' does not exist in type 'ActionData'.
src/engine/modules/combat/CombatProcessor.ts(346,46): error TS2353: Object literal may only specify known properties, and 'ids' does not exist in type 'ActionData'.
src/engine/modules/effects/ChoiceGenerator.ts(318,21): error TS2353: Object literal may only specify known properties, and 'targetDefinitions' does not exist in type 'ActionData'.
src/engine/modules/effects/ChoiceGenerator.ts(348,17): error TS2353: Object literal may only specify known properties, and 'sourceId' does not exist in type 'ActionData'.
src/engine/modules/effects/EffectProcessor.ts(209,37): error TS2339: Property 'stackObj' does not exist on type 'ActionData'.
  Property 'stackObj' does not exist on type 'BaseActionData'.
src/engine/modules/effects/EffectProcessor.ts(210,37): error TS2339: Property 'effects' does not exist on type 'ActionData'.
  Property 'effects' does not exist on type 'BaseActionData'.
src/engine/modules/effects/EffectProcessor.ts(219,117): error TS2339: Property 'isCopyTargeting' does not exist on type 'ActionData'.
  Property 'isCopyTargeting' does not exist on type 'BaseActionData'.
src/engine/modules/effects/EffectProcessor.ts(695,11): error TS2353: Object literal may only specify known properties, and 'targetDefinitions' does not exist in type 'ActionData'.
src/engine/modules/effects/handlers/permanent/PermanentHandler.ts(97,43): error TS2339: Property 'nextPlayerIds' does not exist on type 'ActionData'.
  Property 'nextPlayerIds' does not exist on type 'BaseActionData'.
src/engine/modules/effects/handlers/permanent/PermanentHandler.ts(98,43): error TS2339: Property 'isSacrificeSequence' does not exist on type 'ActionData'.
  Property 'isSacrificeSequence' does not exist on type 'BaseActionData'.
src/engine/modules/effects/handlers/stack/CounterCopyEffects.ts(177,54): error TS2339: Property 'isCopyTargeting' does not exist on type 'ActionData'.
  Property 'isCopyTargeting' does not exist on type 'BaseActionData'.
src/engine/modules/effects/handlers/stack/CounterCopyEffects.ts(228,33): error TS2353: Object literal may only specify known properties, and 'isCopyTargeting' does not exist in type 'ActionData'.
src/engine/modules/effects/handlers/system/ChoiceEffectHandler.ts(345,14): error TS2339: Property 'nextPlayerIds' does not exist on type 'ActionData'.
  Property 'nextPlayerIds' does not exist on type 'BaseActionData'.
src/engine/modules/effects/handlers/system/ChoiceEffectHandler.ts(346,14): error TS2339: Property 'isChoiceSequence' does not exist on type 'ActionData'.
  Property 'isChoiceSequence' does not exist on type 'BaseActionData'.
src/engine/modules/effects/handlers/system/ChoiceEffectHandler.ts(347,14): error TS2339: Property 'sequencedEffect' does not exist on type 'ActionData'.
  Property 'sequencedEffect' does not exist on type 'BaseActionData'.
src/engine/modules/effects/handlers/system/ChoiceEffectHandler.ts(398,32): error TS2339: Property 'nextPlayerIds' does not exist on type 'ActionData'.
  Property 'nextPlayerIds' does not exist on type 'BaseActionData'.
src/engine/modules/effects/handlers/system/ControlEffectHandler.ts(150,41): error TS2353: Object literal may only specify known properties, and 'isCopyTargeting' does not exist in type 'ActionData'.
src/engine/modules/effects/triggers/TriggerStacker.ts(66,43): error TS2353: Object literal may only specify known properties, and 'triggers' does not exist in type 'ActionData'.
src/engine/modules/effects/triggers/TriggerStacker.ts(161,9): error TS2353: Object literal may only specify known properties, and 'targetDefinitions' does not exist in type 'ActionData'.
src/engine/modules/state/StateBasedActionsProcessor.ts(130,15): error TS2353: Object literal may only specify known properties, and 'involvedIds' does not exist in type 'ActionData'.
npm : npm error Lifecycle script `build` failed with error:
In riga:1 car:1
+ npm run build > build_errors.txt 2>&1
+ ~~~~~~~~~~~~~~~~~~~~~~~~~~~~~~~~~~~~~
    + CategoryInfo          : NotSpecified: (npm error Lifec...led with error::String) [], RemoteException
    + FullyQualifiedErrorId : NativeCommandError
 
npm error code 2
npm error path C:\Users\Brando\Desktop\keyday3\mtg draft\backend
npm error workspace backend@1.0.0
npm error location C:\Users\Brando\Desktop\keyday3\mtg draft\backend
npm error command failed
npm error command C:\Windows\system32\cmd.exe /d /s /c tsc && tsc-alias
